Traceback (most recent call last):
  File "/Users/mikehinford/Library/CloudStorage/Dropbox/Projects/CIC Website/CIC Air Quality Networks/CIC-test-uk-aq-ingest/scripts/uk_aq_dashboard_local.py", line 21, in <module>
    import requests
ModuleNotFoundError: No module named 'requests'
/Users/mikehinford/Library/CloudStorage/Dropbox/Projects/CIC Website/CIC Air Quality Networks/CIC-test-uk-aq-ingest/.venv/lib/python3.9/site-packages/urllib3/__init__.py:35: NotOpenSSLWarning: urllib3 v2 only supports OpenSSL 1.1.1+, currently the 'ssl' module is compiled with 'LibreSSL 2.8.3'. See: https://github.com/urllib3/urllib3/issues/3020
  warnings.warn(
/Users/mikehinford/Library/CloudStorage/Dropbox/Projects/CIC Website/CIC Air Quality Networks/CIC-test-uk-aq-ingest/.venv/lib/python3.9/site-packages/urllib3/__init__.py:35: NotOpenSSLWarning: urllib3 v2 only supports OpenSSL 1.1.1+, currently the 'ssl' module is compiled with 'LibreSSL 2.8.3'. See: https://github.com/urllib3/urllib3/issues/3020
  warnings.warn(
/Users/mikehinford/Library/CloudStorage/Dropbox/Projects/CIC Website/CIC Air Quality Networks/CIC-test-uk-aq-ingest/.venv/lib/python3.9/site-packages/urllib3/__init__.py:35: NotOpenSSLWarning: urllib3 v2 only supports OpenSSL 1.1.1+, currently the 'ssl' module is compiled with 'LibreSSL 2.8.3'. See: https://github.com/urllib3/urllib3/issues/3020
  warnings.warn(
/Users/mikehinford/Library/CloudStorage/Dropbox/Projects/CIC Website/CIC Air Quality Networks/CIC-test-uk-aq-ingest/.venv/lib/python3.9/site-packages/urllib3/__init__.py:35: NotOpenSSLWarning: urllib3 v2 only supports OpenSSL 1.1.1+, currently the 'ssl' module is compiled with 'LibreSSL 2.8.3'. See: https://github.com/urllib3/urllib3/issues/3020
  warnings.warn(
/Users/mikehinford/Library/CloudStorage/Dropbox/Projects/CIC Website/CIC Air Quality Networks/CIC-test-uk-aq-ingest/.venv/lib/python3.9/site-packages/urllib3/__init__.py:35: NotOpenSSLWarning: urllib3 v2 only supports OpenSSL 1.1.1+, currently the 'ssl' module is compiled with 'LibreSSL 2.8.3'. See: https://github.com/urllib3/urllib3/issues/3020
  warnings.warn(
/Users/mikehinford/Library/CloudStorage/Dropbox/Projects/CIC Website/CIC Air Quality Networks/CIC-test-uk-aq-ingest/.venv/lib/python3.9/site-packages/urllib3/__init__.py:35: NotOpenSSLWarning: urllib3 v2 only supports OpenSSL 1.1.1+, currently the 'ssl' module is compiled with 'LibreSSL 2.8.3'. See: https://github.com/urllib3/urllib3/issues/3020
  warnings.warn(
/Users/mikehinford/Library/CloudStorage/Dropbox/Projects/CIC Website/CIC Air Quality Networks/CIC-test-uk-aq-ingest/.venv/lib/python3.9/site-packages/urllib3/__init__.py:35: NotOpenSSLWarning: urllib3 v2 only supports OpenSSL 1.1.1+, currently the 'ssl' module is compiled with 'LibreSSL 2.8.3'. See: https://github.com/urllib3/urllib3/issues/3020
  warnings.warn(
/Users/mikehinford/Library/CloudStorage/Dropbox/Projects/CIC Website/CIC Air Quality Networks/CIC-test-uk-aq-ingest/.venv/lib/python3.9/site-packages/urllib3/__init__.py:35: NotOpenSSLWarning: urllib3 v2 only supports OpenSSL 1.1.1+, currently the 'ssl' module is compiled with 'LibreSSL 2.8.3'. See: https://github.com/urllib3/urllib3/issues/3020
  warnings.warn(
/Users/mikehinford/Library/CloudStorage/Dropbox/Projects/CIC Website/CIC Air Quality Networks/CIC-test-uk-aq-ingest/.venv/lib/python3.9/site-packages/urllib3/__init__.py:35: NotOpenSSLWarning: urllib3 v2 only supports OpenSSL 1.1.1+, currently the 'ssl' module is compiled with 'LibreSSL 2.8.3'. See: https://github.com/urllib3/urllib3/issues/3020
  warnings.warn(
/Users/mikehinford/Library/CloudStorage/Dropbox/Projects/CIC Website/CIC Air Quality Networks/CIC-test-uk-aq-ingest/.venv/lib/python3.9/site-packages/urllib3/__init__.py:35: NotOpenSSLWarning: urllib3 v2 only supports OpenSSL 1.1.1+, currently the 'ssl' module is compiled with 'LibreSSL 2.8.3'. See: https://github.com/urllib3/urllib3/issues/3020
  warnings.warn(
/Users/mikehinford/Library/CloudStorage/Dropbox/Projects/CIC Website/CIC Air Quality Networks/CIC-test-uk-aq-ingest/.venv/lib/python3.9/site-packages/urllib3/__init__.py:35: NotOpenSSLWarning: urllib3 v2 only supports OpenSSL 1.1.1+, currently the 'ssl' module is compiled with 'LibreSSL 2.8.3'. See: https://github.com/urllib3/urllib3/issues/3020
  warnings.warn(
/Users/mikehinford/Library/CloudStorage/Dropbox/Projects/CIC Website/CIC Air Quality Networks/CIC-test-uk-aq-ingest/.venv/lib/python3.9/site-packages/urllib3/__init__.py:35: NotOpenSSLWarning: urllib3 v2 only supports OpenSSL 1.1.1+, currently the 'ssl' module is compiled with 'LibreSSL 2.8.3'. See: https://github.com/urllib3/urllib3/issues/3020
  warnings.warn(
/Users/mikehinford/Library/CloudStorage/Dropbox/Projects/CIC Website/CIC Air Quality Networks/CIC-test-uk-aq-ingest/.venv/lib/python3.9/site-packages/urllib3/__init__.py:35: NotOpenSSLWarning: urllib3 v2 only supports OpenSSL 1.1.1+, currently the 'ssl' module is compiled with 'LibreSSL 2.8.3'. See: https://github.com/urllib3/urllib3/issues/3020
  warnings.warn(
/Users/mikehinford/Library/CloudStorage/Dropbox/Projects/CIC Website/CIC Air Quality Networks/CIC-test-uk-aq-ingest/.venv/lib/python3.9/site-packages/urllib3/__init__.py:35: NotOpenSSLWarning: urllib3 v2 only supports OpenSSL 1.1.1+, currently the 'ssl' module is compiled with 'LibreSSL 2.8.3'. See: https://github.com/urllib3/urllib3/issues/3020
  warnings.warn(
