Traceback (most recent call last):
  File "/Users/mikehinford/Dropbox/Projects/CIC Website/CIC Air Quality Networks/CIC-test-uk-aq-ingest/scripts/uk_aq_station_snapshot_local.py", line 1574, in <module>
    main()
  File "/Users/mikehinford/Dropbox/Projects/CIC Website/CIC Air Quality Networks/CIC-test-uk-aq-ingest/scripts/uk_aq_station_snapshot_local.py", line 1539, in main
    server = ThreadingHTTPServer((args.host, args.port), StationSnapshotHandler)
  File "/Applications/Xcode.app/Contents/Developer/Library/Frameworks/Python3.framework/Versions/3.9/lib/python3.9/socketserver.py", line 452, in __init__
    self.server_bind()
  File "/Applications/Xcode.app/Contents/Developer/Library/Frameworks/Python3.framework/Versions/3.9/lib/python3.9/http/server.py", line 138, in server_bind
    socketserver.TCPServer.server_bind(self)
  File "/Applications/Xcode.app/Contents/Developer/Library/Frameworks/Python3.framework/Versions/3.9/lib/python3.9/socketserver.py", line 466, in server_bind
    self.socket.bind(self.server_address)
OSError: [Errno 48] Address already in use
Traceback (most recent call last):
  File "/Users/mikehinford/Dropbox/Projects/CIC Website/CIC Air Quality Networks/CIC-test-uk-aq-ingest/scripts/uk_aq_station_snapshot_local.py", line 1574, in <module>
    main()
  File "/Users/mikehinford/Dropbox/Projects/CIC Website/CIC Air Quality Networks/CIC-test-uk-aq-ingest/scripts/uk_aq_station_snapshot_local.py", line 1539, in main
    server = ThreadingHTTPServer((args.host, args.port), StationSnapshotHandler)
  File "/Applications/Xcode.app/Contents/Developer/Library/Frameworks/Python3.framework/Versions/3.9/lib/python3.9/socketserver.py", line 452, in __init__
    self.server_bind()
  File "/Applications/Xcode.app/Contents/Developer/Library/Frameworks/Python3.framework/Versions/3.9/lib/python3.9/http/server.py", line 138, in server_bind
    socketserver.TCPServer.server_bind(self)
  File "/Applications/Xcode.app/Contents/Developer/Library/Frameworks/Python3.framework/Versions/3.9/lib/python3.9/socketserver.py", line 466, in server_bind
    self.socket.bind(self.server_address)
OSError: [Errno 48] Address already in use
